// Jest Snapshot v1, https://goo.gl/fbAQLP

exports[`test ViewTab Component should render the component match snapshot 1`] = `ShallowWrapper {}`;
